/home/rlg/relational-os/instances/contested_reality	run_two_path_demo	exit=0	RESULT: ALL PASS
/home/rlg/relational-os/instances/contested_reality	run_two_path_catalog_demo	exit=0	RESULT: ALL PASS
/home/rlg/relational-os/instances/contested_reality	run_capacity_rerank_demo	exit=0	RESULT: ALL PASS
/home/rlg/relational-os/instances/contested_reality	run_recorded_surface_demo	exit=0	RESULT: ALL PASS
/home/rlg/relational-os/instances/contested_reality	run_forecast_action_demo	exit=0	RESULT: ALL PASS
/home/rlg/relational-os/instances/contested_reality	run_forecast_capacity_demo	exit=0	RESULT: ALL PASS
/home/rlg/relational-os/instances/contested_reality	run_forecast_direction_demo	exit=0	RESULT: ALL PASS
/home/rlg/relational-os/instances/contested_reality	run_forecast_horizon_demo	exit=0	RESULT: ALL PASS
/home/rlg/relational-os/instances/contested_reality	run_forecast_horizon2_demo	exit=0	RESULT: ALL PASS
/home/rlg/relational-os/instances/contested_reality	run_forecast_horizon3_demo	exit=0	RESULT: ALL PASS
/home/rlg/relational-os/instances/contested_reality	run_forecast_horizon4_demo	exit=0	RESULT: ALL PASS
/home/rlg/relational-os/instances/contested_reality	run_forecast_label_vs_choice_demo	exit=0	RESULT: ALL PASS
/home/rlg/relational-os/instances/contested_reality	run_forecast_per_option_capacity_demo	exit=0	RESULT: ALL PASS
/home/rlg/relational-os/instances/contested_reality	run_forecast_variance_demo	exit=0	RESULT: ALL PASS
/home/rlg/relational-os/instances/contested_reality	run_forecast_variance_all_demo	exit=0	RESULT: ALL PASS
/home/rlg/relational-os/instances/contested_reality	run_cockpit_q7q8_demo	exit=0	RESULT: ALL PASS
/home/rlg/relational-os/instances/contested_reality	run_cockpit_s7l_demo	exit=0	RESULT: ALL PASS
/home/rlg/relational-os/instances/contested_reality	run_adjudication_engine_demo	exit=0	RESULT: ALL PASS
/home/rlg/relational-os/instances/contested_reality	run_reproducibility_demo	exit=0	RESULT: ALL PASS
/home/rlg/relational-os/instances/contested_reality	conformance_adjudication	exit=0	ADJUDICATION-ENGINE CONFORMANCE: ALL PASS
/home/rlg/relational-os/instances/contested_reality	conformance_dispute	exit=0	DISPUTE-DEMO CONFORMANCE: ALL PASS
/home/rlg/relational-os/instances/contested_reality	conformance_interest	exit=0	INTEREST-CONFLICT CONFORMANCE: ALL PASS
/home/rlg/relational-os/instances/contested_reality	conformance_lifecycle	exit=0	LIFECYCLE CONFORMANCE: ALL PASS
/home/rlg/relational-os/instances/contested_reality	conformance_tradeoff	exit=0	TRADE-OFF CONFORMANCE: ALL PASS
/home/rlg/relational-os/instances	build_all	exit=0	RESULT: ALL SECTORS PASS
/home/rlg/relational-os/instances	conformance_all	exit=0	SECTOR CONFORMANCE: ALL SECTORS PASS
/home/rlg/relational-os/sprints/sprint-5/artifacts	run_s5_demo	exit=0	RESULT: ALL PASS
/home/rlg/relational-os/sprints/sprint-5/artifacts	run_s5_conformance	exit=0	RESULT: ALL PASS
/home/rlg/relational-os/instances/agent_demo	run_agent_demo	exit=0	RESULT: ALL PASS
/home/rlg/relational-os/instances/agent_demo	conformance_agent	exit=0	AGENT-DEMO CONFORMANCE: ALL PASS
